[2026-09-07T16:38:57.172307+08:00] START EXP-S3-DATA-001
[2026-09-07T16:38:57.173306+08:00] COMMAND python src/build_features.py --config 'D:\Coding_FILES\MathModeling\projects\rehearsal_2024_C\experiments\s2_frozen_config.json'
[2026-09-07T16:38:58.732540+08:00] verified contracts=8 raw_inputs=5
[2026-09-07T16:39:27.750234+08:00] loaded sheet=材料1 rows=3400
[2026-09-07T16:39:54.666846+08:00] loaded sheet=材料2 rows=3000
[2026-09-07T16:40:24.088169+08:00] loaded sheet=材料3 rows=3200
[2026-09-07T16:40:49.114250+08:00] loaded sheet=材料4 rows=2800
[2026-09-07T16:40:52.941520+08:00] {"condition_group_count": 4323, "exact_duplicate_extra_rows": 1, "feature_schema_sha256": "1528994E6DC4B68AEAF1605973D8A67CC1C13011A2FA0A766653FF9BE639C170", "feature_table_sha256": "52E5B68F02591A89F3216C391AA6AE43BCA2A59BF4F4D1480AD350B7664774B2", "fold_assignments_sha256": "8748FF0D2596D7B9172A4FF1C3E6611175365C1BDF0E54C025C3A4FDFDA767BA", "lineage_checks": {"condition_group_max_regression_outer_fold_count": 1, "exact_record_sha256_max_q1_outer_fold_count": 1, "exact_record_sha256_max_regression_outer_fold_count": 1, "near_shape_group_max_q1_outer_fold_count": 1}, "near_shape_distinct_by_class": {"三角波": 1127, "梯形波": 872, "正弦波": 1176}, "near_shape_quantization": 0.02, "numeric_feature_count": 48, "q1_outer_folds": 5, "q1_shape_feature_count": 30, "raw_input_usage": {"all_other_registered_inputs": "integrity_hash_only_not_loaded_for_modeling", "src/附件一（训练集）.xlsx": "feature_source"}, "rebuild_hashes_match": null, "rebuild_prior_bundle_present": false, "regression_outer_folds": 5, "rows": 12400, "status": "PASS"}
[2026-09-07T16:40:53.052327+08:00] END EXP-S3-DATA-001 status=PASS runtime_seconds=115.879734
[2026-09-07T16:40:54.741725+08:00] START EXP-S3-DATA-001
[2026-09-07T16:40:54.741725+08:00] COMMAND python src/build_features.py --config 'D:\Coding_FILES\MathModeling\projects\rehearsal_2024_C\experiments\s2_frozen_config.json'
[2026-09-07T16:40:54.898908+08:00] verified contracts=8 raw_inputs=5
[2026-09-07T16:41:23.572599+08:00] loaded sheet=材料1 rows=3400
[2026-09-07T16:41:50.170732+08:00] loaded sheet=材料2 rows=3000
[2026-09-07T16:42:18.481314+08:00] loaded sheet=材料3 rows=3200
[2026-09-07T16:42:44.254831+08:00] loaded sheet=材料4 rows=2800
[2026-09-07T16:42:48.308611+08:00] {"condition_group_count": 4323, "exact_duplicate_extra_rows": 1, "feature_schema_sha256": "1528994E6DC4B68AEAF1605973D8A67CC1C13011A2FA0A766653FF9BE639C170", "feature_table_sha256": "52E5B68F02591A89F3216C391AA6AE43BCA2A59BF4F4D1480AD350B7664774B2", "fold_assignments_sha256": "8748FF0D2596D7B9172A4FF1C3E6611175365C1BDF0E54C025C3A4FDFDA767BA", "lineage_checks": {"condition_group_max_regression_outer_fold_count": 1, "exact_record_sha256_max_q1_outer_fold_count": 1, "exact_record_sha256_max_regression_outer_fold_count": 1, "near_shape_group_max_q1_outer_fold_count": 1}, "near_shape_distinct_by_class": {"三角波": 1127, "梯形波": 872, "正弦波": 1176}, "near_shape_quantization": 0.02, "numeric_feature_count": 48, "q1_outer_folds": 5, "q1_shape_feature_count": 30, "raw_input_usage": {"all_other_registered_inputs": "integrity_hash_only_not_loaded_for_modeling", "src/附件一（训练集）.xlsx": "feature_source"}, "rebuild_hashes_match": true, "rebuild_prior_bundle_present": true, "regression_outer_folds": 5, "rows": 12400, "status": "PASS"}
[2026-09-07T16:42:48.416259+08:00] END EXP-S3-DATA-001 status=PASS runtime_seconds=113.674388
[2026-09-07T16:55:28.040731+08:00] START EXP-S3-DATA-001
[2026-09-07T16:55:28.040731+08:00] COMMAND python src/build_features.py --config 'D:\Coding_FILES\MathModeling\projects\rehearsal_2024_C\experiments\s2_frozen_config.json'
[2026-09-07T16:55:28.205575+08:00] verified contracts=8 raw_inputs=5
[2026-09-07T16:55:57.615799+08:00] loaded sheet=材料1 rows=3400
[2026-09-07T16:56:24.722244+08:00] loaded sheet=材料2 rows=3000
[2026-09-07T16:56:52.126554+08:00] loaded sheet=材料3 rows=3200
[2026-09-07T16:57:16.605687+08:00] loaded sheet=材料4 rows=2800
[2026-09-07T16:57:20.282757+08:00] {"condition_group_count": 4323, "exact_duplicate_extra_rows": 1, "feature_schema_sha256": "1528994E6DC4B68AEAF1605973D8A67CC1C13011A2FA0A766653FF9BE639C170", "feature_table_sha256": "52E5B68F02591A89F3216C391AA6AE43BCA2A59BF4F4D1480AD350B7664774B2", "fold_assignments_sha256": "8748FF0D2596D7B9172A4FF1C3E6611175365C1BDF0E54C025C3A4FDFDA767BA", "lineage_checks": {"condition_group_max_regression_outer_fold_count": 1, "exact_record_sha256_max_q1_outer_fold_count": 1, "exact_record_sha256_max_regression_outer_fold_count": 1, "near_shape_group_max_q1_outer_fold_count": 1}, "near_shape_distinct_by_class": {"三角波": 1127, "梯形波": 872, "正弦波": 1176}, "near_shape_quantization": 0.02, "numeric_feature_count": 48, "q1_outer_folds": 5, "q1_shape_feature_count": 30, "raw_input_usage": {"all_other_registered_inputs": "integrity_hash_only_not_loaded_for_modeling", "src/附件一（训练集）.xlsx": "feature_source"}, "rebuild_hashes_match": true, "rebuild_prior_bundle_present": true, "regression_outer_folds": 5, "rows": 12400, "status": "PASS"}
[2026-09-07T16:57:20.372833+08:00] END EXP-S3-DATA-001 status=PASS runtime_seconds=112.331571
[2026-09-07T16:57:22.021447+08:00] START EXP-S3-DATA-001
[2026-09-07T16:57:22.021447+08:00] COMMAND python src/build_features.py --config 'D:\Coding_FILES\MathModeling\projects\rehearsal_2024_C\experiments\s2_frozen_config.json'
[2026-09-07T16:57:22.168728+08:00] verified contracts=8 raw_inputs=5
[2026-09-07T16:57:52.931232+08:00] loaded sheet=材料1 rows=3400
[2026-09-07T16:58:19.998912+08:00] loaded sheet=材料2 rows=3000
[2026-09-07T16:58:48.944392+08:00] loaded sheet=材料3 rows=3200
[2026-09-07T16:59:13.914111+08:00] loaded sheet=材料4 rows=2800
[2026-09-07T16:59:17.597568+08:00] {"condition_group_count": 4323, "exact_duplicate_extra_rows": 1, "feature_schema_sha256": "1528994E6DC4B68AEAF1605973D8A67CC1C13011A2FA0A766653FF9BE639C170", "feature_table_sha256": "52E5B68F02591A89F3216C391AA6AE43BCA2A59BF4F4D1480AD350B7664774B2", "fold_assignments_sha256": "8748FF0D2596D7B9172A4FF1C3E6611175365C1BDF0E54C025C3A4FDFDA767BA", "lineage_checks": {"condition_group_max_regression_outer_fold_count": 1, "exact_record_sha256_max_q1_outer_fold_count": 1, "exact_record_sha256_max_regression_outer_fold_count": 1, "near_shape_group_max_q1_outer_fold_count": 1}, "near_shape_distinct_by_class": {"三角波": 1127, "梯形波": 872, "正弦波": 1176}, "near_shape_quantization": 0.02, "numeric_feature_count": 48, "q1_outer_folds": 5, "q1_shape_feature_count": 30, "raw_input_usage": {"all_other_registered_inputs": "integrity_hash_only_not_loaded_for_modeling", "src/附件一（训练集）.xlsx": "feature_source"}, "rebuild_hashes_match": true, "rebuild_prior_bundle_present": true, "regression_outer_folds": 5, "rows": 12400, "status": "PASS"}
[2026-09-07T16:59:17.688086+08:00] END EXP-S3-DATA-001 status=PASS runtime_seconds=115.665682
